// Jest Snapshot v1, https://goo.gl/fbAQLP

exports[`Friend component renders with a persons first and last name 1`] = `
<div>
  <div>
    Jon
  </div>
  <div>
    Snow
  </div>
</div>
`;
